main.c:55:6:display7SEG	16	static
main.c:61:7:update7SEG	16	static
main.c:101:6:updateClockBuffer	16	static
main.c:111:6:displayLEDMtrix	16	static
main.c:155:6:updateLEDMatrix	16	static
main.c:250:6:shiftMatrix	16	static
main.c:269:6:setTimer	16	static
main.c:273:6:timer_run	16	static
main.c:288:5:main	8	static
main.c:348:6:SystemClock_Config	72	static
main.c:384:13:MX_TIM2_Init	32	static
main.c:429:13:MX_GPIO_Init	32	static
main.c:484:6:HAL_TIM_PeriodElapsedCallback	16	static
main.c:494:6:Error_Handler	4	static,ignoring_inline_asm
